// Jest Snapshot v1, https://goo.gl/fbAQLP

exports[`should render a TravelAgent Component 1`] = `
<div
  className="Buttons"
>
  <button
    className=""
    onClick={[Function]}
  >
    first option
  </button>
  <button
    className=""
    onClick={[Function]}
  >
    next option
  </button>
</div>
`;
