// Jest Snapshot v1, https://goo.gl/fbAQLP

exports[`should render a TravelAgent Component 1`] = `
<div
  className="Chat"
>
  <span>
    Info message
  </span>
  <span>
    Question!
  </span>
  <span>
    Response!
  </span>
  <div />
</div>
`;
