// Jest Snapshot v1, https://goo.gl/fbAQLP

exports[`should render a TravelAgent Component 1`] = `
<div
  className="MessageContainer"
>
  <div
    className="Message mockClassName"
  >
    <p>
      mock message
    </p>
  </div>
</div>
`;
